задание: 2.1.1
проект: 211-command-usb
устройство: 2e8a:000a
серийный номер: 5303284730A0831C
порт: /dev/ttyACM0
начало: 2026-10-03T23:03:50
   0.003 --> enable
   0.137 <-- enable
   0.138 <-- dbg read_line:71 got enable
   0.138 <-- inf handle_command:34 led on
   2.145 --> disable
   2.291 <-- disable
   2.291 <-- dbg read_line:71 got disable
   2.292 <-- inf handle_command:39 led off
   4.302 --> info
   4.384 <-- info
   4.384 <-- dbg read_line:71 got info
   4.384 <-- project: 211-command-usb
   4.385 <-- repo: https://github.com/vctsn/es-student
   4.385 <-- board: pico
   4.385 <-- serial: 5303284730A0831C
   4.386 <-- chip: manufacturer 0x927, part 0x0002, revision 2
   4.386 <-- pico-sdk: 2.3.0
   6.396 --> nosuchcommand
   6.659 <-- nosuchcommand
   6.660 <-- dbg read_line:71 got nosuchcommand
   6.661 <-- err handle_command:51 unknown command: nosuchcommand
итог: отправлено команд 4, принято строк 17
