задание: 2.1.3
проект: 211-command-usb
устройство: 2e8a:000a
серийный номер: 5303284730A0831C
порт: /dev/ttyACM0
начало: 2026-10-04T18:19:31
   0.002 --> mem_info
   0.174 <-- mem_info
   0.174 <-- dbg read_line:108 got mem_info
   0.175 <-- area       start      end            size
   0.176 <-- flash      0x10000000 0x10200000  2097152
   0.177 <-- sram       0x20000000 0x20042000   270336
   0.177 <-- rom        0x00000000 0x00004000    16384
   0.177 <-- image      0x10000000 0x100084cc    33996
   0.178 <-- free       0x100084cc 0x10200000  2063156
   0.178 <-- boot2      0x10000000 0x10000100      256
   0.178 <-- text       0x10000100 0x1000754c    29772
   0.179 <-- data flash 0x1000754c 0x100084cc     3968
   0.179 <-- data ram   0x200000c0 0x20001040     3968
   0.179 <-- bss        0x20001040 0x20001c7c     3132
   0.179 <-- heap       0x20001c7c 0x20040000   254852
   0.180 <-- stack      0x20041800 0x20042000     2048
   0.180 <-- total
   0.180 <-- flash image     33996 = boot2 256 + text 29772 + data 3968
   0.180 <-- flash free    2063156 of 2097152
   0.180 <-- ram used      7100 = data 3968 + bss 3132
   0.180 <-- ram free    254852 for heap and 2048 for stack
итог: отправлено команд 1, принято строк 20
